05:26:08 Compiling project!
05:26:08 \ Found compiler script.
05:26:08 \ Script parsed, running.
05:26:09 Warning! "typesharp" import unused and discarded. [Saved: 438kb]
05:26:09 ----------------------------------------------------------------------------------
05:26:09 If no solutions are provided please end kill me and tell me what caused the error.
05:26:09 TypeSharp is still in development so you're seeing this cause ur cool!
05:26:09 ----------------------------------------------------------------------------------